---
source: tests/snapshot_tests.rs
expression: run_benchmark(&path)
---
BenchmarkResult {
    example_name: "./examples/array_init_tuples.vmt",
    status: Good,
    used_instantiations: [
        "(= (Read-Int-Int (Write-Int-Int Array-Int-Int!val!5 5 N) i) (Read-Int-Int Array-Int-Int!val!5 i))",
    ],
}
