---
source: tests/snapshot_tests.rs
expression: run_benchmark(&path)
---
BenchmarkResult {
    example_name: "./examples/array_two_counters_min_max_prog.vmt",
    status: Good,
    used_instantiations: [
        "(= (Read-Int-Int (Write-Int-Int Array-Int-Int!val!2 i m_next) i) m_next)",
        "(= (Read-Int-Int (Write-Int-Int Array-Int-Int!val!2 i m_next) i) (Read-Int-Int Array-Int-Int!val!2 i))",
    ],
}
