---
source: tests/snapshot_tests.rs
expression: run_benchmark(&path)
---
BenchmarkResult {
    example_name: "./examples/array_init_pair_symmetr2.vmt",
    status: Good,
    used_instantiations: [
        "(= (Read-Int-Int (Write-Int-Int Array-Int-Int!val!12 Z (- (Read-Int-Int b Z))) Z) (- (Read-Int-Int b Z)))",
        "(= (Read-Int-Int (Write-Int-Int Array-Int-Int!val!12 Z (- (Read-Int-Int b Z))) Z) (Read-Int-Int Array-Int-Int!val!12 Z))",
    ],
}
