---
source: tests/snapshot_tests.rs
expression: run_benchmark(&path)
---
BenchmarkResult {
    example_name: "./examples/array_min_swap.vmt",
    status: Panic,
    used_instantiations: [],
}
