---
source: tests/snapshot_tests.rs
expression: run_benchmark(&path)
---
BenchmarkResult {
    example_name: "./examples/array_two_counters_init_var.vmt",
    status: Good,
    used_instantiations: [
        "(= (Read-Int-Int (Write-Int-Int Array-Int-Int!val!2 i i) i) i)",
        "(= (Read-Int-Int (Write-Int-Int Array-Int-Int!val!2 i i) i) (Read-Int-Int Array-Int-Int!val!2 i))",
    ],
}
