---
source: tests/snapshot_tests.rs
expression: run_benchmark(&path)
---
BenchmarkResult {
    example_name: "./examples/array_hybr_nest_1.vmt",
    status: Good,
    used_instantiations: [],
}
