---
source: tests/snapshot_tests.rs
expression: run_benchmark(&path)
---
BenchmarkResult {
    example_name: "./examples/array_copy_ind.vmt",
    status: Good,
    used_instantiations: [
        "(= (Read-Int-Int (Write-Int-Int Array-Int-Int!val!2 i_next (Read-Int-Int a i_next)) i_next) (Read-Int-Int a i_next))",
        "(= (Read-Int-Int (Write-Int-Int Array-Int-Int!val!2 i_next (Read-Int-Int a i_next)) i_next) (Read-Int-Int Array-Int-Int!val!2 i_next))",
    ],
}
