---
source: tests/snapshot_tests.rs
expression: run_benchmark(&path)
---
BenchmarkResult {
    example_name: "./examples/array_standard_partition.vmt",
    status: Good,
    used_instantiations: [],
}
