---
source: tests/snapshot_tests.rs
expression: run_benchmark(&path)
---
BenchmarkResult {
    example_name: "./examples/array_init_increm_const.vmt",
    status: Good,
    used_instantiations: [
        "(= (Read-Int-Int (Write-Int-Int a Z 8856) Z) 8856)",
        "(= (Read-Int-Int (Write-Int-Int Array-Int-Int!val!10 Z 8856) Z) 8856)",
        "(= (Read-Int-Int (Write-Int-Int Array-Int-Int!val!10 Z 8856) Z) (Read-Int-Int Array-Int-Int!val!10 Z))",
        "(= (Read-Int-Int (Write-Int-Int a Z 8856) Z) (Read-Int-Int a Z))",
    ],
}
