---
source: tests/snapshot_tests.rs
expression: run_benchmark(&path)
---
BenchmarkResult {
    example_name: "examples/array_init_increm_two_arrs.vmt",
    status: Timeout,
    used_instantiations: [],
}
