---
source: tests/snapshot_tests.rs
expression: run_benchmark(&path)
---
BenchmarkResult {
    example_name: "./examples/array_doub_access_init.vmt",
    status: Panic,
    used_instantiations: [],
}
