---
source: tests/snapshot_tests.rs
expression: run_benchmark(&path)
---
BenchmarkResult {
    example_name: "./examples/array_two_counters_init_const.vmt",
    status: Good,
    used_instantiations: [
        "(= (Read-Int-Int (Write-Int-Int a i i) i) i)",
        "(= (Read-Int-Int (Write-Int-Int b_next i i_next) i_next) (Read-Int-Int b_next i_next))",
        "(= (Read-Int-Int (Write-Int-Int b i_next i_next) i_next) i_next)",
        "(= (Read-Int-Int (Write-Int-Int b_next Z Z) j) (Read-Int-Int b_next j))",
        "(= (Read-Int-Int (Write-Int-Int b Z Z) Z) Z)",
        "(= (Read-Int-Int (Write-Int-Int b j Z) j) Z)",
        "(= (Read-Int-Int (Write-Int-Int a Z Z) Z) Z)",
        "(= (Read-Int-Int (Write-Int-Int a Z Z) Z) (Read-Int-Int a Z))",
        "(= (Read-Int-Int (Write-Int-Int b_next j j) j) (Read-Int-Int b_next j))",
        "(= (Read-Int-Int (Write-Int-Int a_next Z i) Z) i)",
        "(= (Read-Int-Int (Write-Int-Int b i Z) i) Z)",
        "(= (Read-Int-Int (Write-Int-Int b Z i_next) Z) i_next)",
        "(= (Read-Int-Int (Write-Int-Int b_next j Z) j) Z)",
        "(= (Read-Int-Int (Write-Int-Int b_next j j) j) j)",
        "(= (Read-Int-Int (Write-Int-Int b Z i) Z) i)",
        "(= (Read-Int-Int (Write-Int-Int b_next Z i) Z) i)",
        "(= (Read-Int-Int (Write-Int-Int b i_next Z) i_next) Z)",
        "(= (Read-Int-Int (Write-Int-Int b N Z) N) Z)",
        "(= (Read-Int-Int (Write-Int-Int b_next j Z) j) (Read-Int-Int b_next j))",
    ],
}
