---
source: tests/snapshot_tests.rs
expression: run_benchmark(&path)
---
BenchmarkResult {
    example_name: "./examples/array_tiling_pr4.vmt",
    status: Good,
    used_instantiations: [
        "(= (Read-Int-Int (Write-Int-Int Array-Int-Int!val!9 val3_next val1) val4_next) (Read-Int-Int Array-Int-Int!val!9 val4_next))",
    ],
}
