---
source: tests/snapshot_tests.rs
expression: run_benchmark(&path)
---
BenchmarkResult {
    example_name: "./examples/array_tripl_access_init_const.vmt",
    status: Good,
    used_instantiations: [
        "(= (Read-Int-Int (Write-Int-Int Array-Int-Int!val!8 8 i) Z) (Read-Int-Int Array-Int-Int!val!8 Z))",
    ],
}
