---
source: tests/snapshot_tests.rs
expression: run_benchmark(&path)
---
BenchmarkResult {
    example_name: "./examples/array_split_11.vmt",
    status: Good,
    used_instantiations: [
        "(= (Read-Int-Int (Write-Int-Int Array-Int-Int!val!2 N min) N) min)",
        "(= (Read-Int-Int (Write-Int-Int Array-Int-Int!val!2 N min) N) (Read-Int-Int Array-Int-Int!val!2 N))",
    ],
}
